# Logfile created on 2025-06-21 03:03:16 +0200 by logger.rb/v1.7.0
I, [2025-06-21T03:03:16.296796 #30781]  INFO -- : Streaming session created: 752ce61500fcca3f0c8ab3a20d108dc0 for file: test-stream.bin
I, [2025-06-21T03:03:16.517175 #30781]  INFO -- : Streaming session created: a79710ce4ada18ca205c69462897bc83 for file: test-large.bin
I, [2025-06-21T03:08:08.967038 #30991]  INFO -- : Streaming session created: 0eedb967378478d629336ed19131e146 for file: Handbuch Wirtschaft im Nationalsozialismus -- Marcel Boldorf (editor); Jonas Scherner (editor) -- Handbücher zur Wirtschaftsgeschichte, 2023 -- De.pdf
I, [2025-06-21T03:08:08.970162 #30986]  INFO -- : Streaming session created: 118bd06e1cb4d885ca32d6e770f81b5d for file: Jenseits von Gut und Böse - Warum wir ohne Moral die besseren Menschen sind (Michael Schmidt-Salomon.epub
I, [2025-06-21T03:08:08.972476 #30991]  INFO -- : Streaming session created: 10cca420899c67d1f08901c26f4ec514 for file: High Performance PostgreSQL for Rails (Andrew Atkinson).epub
I, [2025-06-21T03:08:08.973894 #30986]  INFO -- : Streaming session created: 82ca14277b018f70929907b4ff2a6471 for file: Menschenfischer (Jan Seghers).epub
I, [2025-06-21T03:08:08.975935 #30991]  INFO -- : Streaming session created: 0e8b2c1fd938ed1471fcb9adf68e1f6b for file: Minority Rule - Ash Sarkar.pdf
I, [2025-06-21T03:08:09.028860 #30986]  INFO -- : Streaming session created: b57067849b0755d283118a6471f735ad for file: Minority Rule Adventures in the Culture War (Ash Sarkar).epub
I, [2025-06-21T03:08:09.186509 #30991]  INFO -- : Streaming session created: 82edf7c16088b18d6e9ffc551c5d7cc3 for file: Modern English- Chinese Dictionary (现代英汉词典).azw
I, [2025-06-21T03:08:09.189374 #30986]  INFO -- : Streaming session created: 3a47e1bdbd38f9a00ae6e1f6ab9c7b3d for file: High Performance PostgreSQL for Rails (Beta) Reliable, Scalable, Maintainable Database Applications (Andrew Atkinson).pdf
I, [2025-06-21T03:08:09.193410 #30986]  INFO -- : Streaming session created: 80279f0b00266382201c81cafc434897 for file: Immanuel Kant Die drei Kritiken - Kritik der reinen Vernunft. Kritik der praktischen Vernunft. Kritik der Urteilskraft (Kant, Immanuel).epub
I, [2025-06-21T03:08:09.198339 #30991]  INFO -- : Streaming session created: eb2160c124d6ddc3c337d85ae91bdf2b for file: Momo (Michael Ende).epub
I, [2025-06-21T03:08:09.248403 #30986]  INFO -- : Streaming session created: 39560caf3242a434c52325d673e1a316 for file: Programming Ruby 3.3_ The Pragmatic Progra - Noel Rappin.epub
I, [2025-06-21T03:08:09.270030 #30986]  INFO -- : Streaming session created: d79caee850033d0b74fa18611ffc7327 for file: Immanuel Kant Die drei Kritiken - Kritik der reinen Vernunft. Kritik der praktischen Vernunft. Kritik der Urteilskraft (Kant, Immanuel).pdf
I, [2025-06-21T03:08:09.413606 #30991]  INFO -- : Streaming session created: 69b7c6a1a9c323bfbca20881b8d95b3c for file: Programming Ruby 3.3_ The Pragmatic Progra - Noel Rappin.pdf
I, [2025-06-21T03:08:09.423298 #30986]  INFO -- : Streaming session created: dbdbd21ee4d9821b4b9508ab558f35fe for file: Quotations from Chairman Mao Zedong, The Little Red Book, Mao Zedong.epub
I, [2025-06-21T03:08:09.435727 #30991]  INFO -- : Streaming session created: fde20ae4498ba3d12a4344447d58037d for file: Revolutionary Suicide - Huey P. Newton.pdf
I, [2025-06-21T03:08:09.446962 #30991]  INFO -- : Streaming session created: 69bbcfaaec7a50ef3fbe01613da19c3d for file: Revolutionary Suicide (Huey P. Newton).epub
I, [2025-06-21T03:08:09.489275 #30991]  INFO -- : Streaming session created: 44ea6d77e5ecab413bf4a9f8d7dd10d5 for file: Rust in Action Systems programming concepts and techniques (Timothy Samuel McNamara) (Z-Library).pdf
I, [2025-06-21T03:08:09.503951 #30991]  INFO -- : Streaming session created: 0523d69f74303fa64bc3f1b0ee8d74f8 for file: Schnelles Denken, langsames Denken (German Edition) (Daniel Kahneman).epub
I, [2025-06-21T03:08:09.630471 #30991]  INFO -- : Streaming session created: 56b34367ad7ebaad53f6e1c1716767b7 for file: Selected Works of Mao Tse-tung Vol. I (Mao Zedong).epub
I, [2025-06-21T03:08:09.637647 #30986]  INFO -- : Streaming session created: c369653dedf3fe8c496e2acfbb617de6 for file: Staat und Revolution -- Wladimir Iljitsch Lenin.epub
I, [2025-06-21T03:08:09.655180 #30991]  INFO -- : Streaming session created: 010a27973bc1dd559f10b2d72ed5b5ce for file: State_and_revolution.jpg
I, [2025-06-21T03:08:09.665272 #30986]  INFO -- : Streaming session created: c813f30cbb43922eefbff0a64fb60e69 for file: Technofeudalism - What Killed Capitalism - Yanis Varoufakis.pdf
I, [2025-06-21T03:08:09.704234 #30986]  INFO -- : Streaming session created: aae054539f1bc163aeb407e8f2d4f261 for file: Technofeudalism - What Killed Capitalism -- Yanis Varoufakis.epub
I, [2025-06-21T03:08:09.723471 #30986]  INFO -- : Streaming session created: 1500129a66ad5e6d3ce51c1f94c2e65c for file: Tender is the Flesh -- Agustina Bazterrica.epub
I, [2025-06-21T03:08:09.837048 #30991]  INFO -- : Streaming session created: 755e2bccd133a86e2f9734aeb8648c63 for file: The Art of War (Sun Tzu).epub
I, [2025-06-21T03:08:09.841555 #30991]  INFO -- : Streaming session created: da437a043e481b2e514a1f376418a32c for file: The Bear Went Over the Mountain_ Soviet Co - Lester W. Grau.epub
I, [2025-06-21T03:08:09.869952 #30991]  INFO -- : Streaming session created: 739707888478a294031b03569dbfed93 for file: The Bear Went Over the Mountain_ Soviet Combat Tactics in -- Lester W_ Grau -- June 6, 2012 -- Tales End Press -- 9781623580506.azw3
I, [2025-06-21T03:08:09.870714 #30986]  INFO -- : Streaming session created: 946765a4384c7160bd39ce698c6b05f4 for file: The Greek Revolution and the Violent Birth of Nationalism.epub
I, [2025-06-21T03:08:09.912205 #30986]  INFO -- : Streaming session created: 017f4fff5bac1282bf04d83ea6ac6792 for file: The Invention of Hugo Cabret (Selznick Brian) (Z-Library).azw3
I, [2025-06-21T03:08:09.944271 #30986]  INFO -- : Streaming session created: b1b55e7f918aec946dc4323387e094c8 for file: The Poverty of Philosophy (Karl Marx).epub
I, [2025-06-21T03:08:10.066061 #30986]  INFO -- : Streaming session created: 4116ea8c91a759d34efed09a17495749 for file: The Wages of Destruction _ The Making and Breaking of the -- J_ Adam Tooze.epub
I, [2025-06-21T03:08:10.069398 #30991]  INFO -- : Streaming session created: 11bc89c34aab6987adfadb28b2abb83b for file: The Trial (Der Prozess) — A New Translation Based on the Restored Text (Franz Kafka, Breon Mitchell (translation)).epub
I, [2025-06-21T03:08:10.090561 #30986]  INFO -- : Streaming session created: 4007504ae94eacc1404a9cf93b32cbf7 for file: The Wages of Destruction_ The Making and B - Tooze, Adam.pdf
I, [2025-06-21T03:08:10.108262 #30991]  INFO -- : Streaming session created: 8aab245ab69cfba22ea3f43c1df92977 for file: Tomie Complete Deluxe Edition (Junji Ito).pdf
I, [2025-06-21T03:08:10.147677 #30986]  INFO -- : Streaming session created: 00ff29cdc0e9fbfe66caeb985ff58aad for file: Uzumaki (3-in-1, Deluxe Edition) (Junji Ito).pdf
I, [2025-06-21T03:08:10.186774 #30991]  INFO -- : Streaming session created: 15201643af4cadaf3ba64132520f0ec6 for file: Venezianische Scharade. Commissario Brunettis dritter Fall. (Donna Leon).epub
I, [2025-06-21T03:08:10.301026 #30991]  INFO -- : Streaming session created: 5d65ec0462c3e2559ad6c1378250ac50 for file: What is to Be Done_ -- Lenin, Vladimir Ilyich -- 2014 -- Marxists Internet Archive.epub
I, [2025-06-21T03:08:10.306507 #30986]  INFO -- : Streaming session created: 37b926ce3ab4262edfd4e3740eeeecec for file: Wie die Schweine (Agustina Bazterrica).epub
I, [2025-06-21T03:08:10.335713 #30991]  INFO -- : Streaming session created: 97b4e7fd1dc1f1c1995dbf38f4eb0b9c for file: Wonderstruck (Selznick Brian).azw3
I, [2025-06-21T03:08:10.349239 #30986]  INFO -- : Streaming session created: e32bdc03fc10fcb0a11eca865fe69798 for file: commissario_brunetti_achter_fall.jpg.jpg
I, [2025-06-21T03:08:10.391200 #30986]  INFO -- : Streaming session created: 11be3556a72262ee621ec2a9a3080736 for file: commissario_brunetti_dritter_fall.jpg
I, [2025-06-21T03:08:10.424515 #30991]  INFO -- : Streaming session created: 30d296a3662f5d0b03fc0314bec0d747 for file: commissario_brunetti_erster_fall.jpg
I, [2025-06-21T03:08:10.542286 #30986]  INFO -- : Streaming session created: 2ca798cc767425b4382467a870b46d46 for file: commissario_brunetti_fünfter_fall.jpg
I, [2025-06-21T03:08:10.544649 #30991]  INFO -- : Streaming session created: 1d67e5cdd7ed817cef0c278e26dcfc64 for file: commissario_brunetti_neunter_fall.jpg.jpg
I, [2025-06-21T03:08:10.570750 #30991]  INFO -- : Streaming session created: 658518931d8c7f1a0e3ffd6f8b3902d5 for file: commissario_brunetti_sechster_fall.jpg
I, [2025-06-21T03:08:10.595477 #30986]  INFO -- : Streaming session created: 3729fb81e50a7539074819c3f7b2c6b0 for file: commissario_brunetti_sechsundzwangister_fall.jpg
I, [2025-06-21T03:08:10.637972 #30991]  INFO -- : Streaming session created: b62834a3440e5677023ce3241bc35f2f for file: commissario_brunetti_siebter_fall.jpg
I, [2025-06-21T03:08:10.659067 #30986]  INFO -- : Chunk 0 stored for session: 0eedb967378478d629336ed19131e146
I, [2025-06-21T03:08:10.683103 #30991]  INFO -- : Streaming session created: 0acc5eda664903b695abea449b83fa95 for file: commissario_brunetti_vierter_fall.jpg
I, [2025-06-21T03:08:10.685730 #30991]  INFO -- : Chunk 1 stored for session: 0eedb967378478d629336ed19131e146
I, [2025-06-21T03:08:10.697858 #30991]  INFO -- : Chunk 0 stored for session: 118bd06e1cb4d885ca32d6e770f81b5d
I, [2025-06-21T03:08:10.710090 #30991]  INFO -- : Chunk 0 stored for session: 10cca420899c67d1f08901c26f4ec514
I, [2025-06-21T03:08:10.716129 #30986]  INFO -- : Chunk 2 stored for session: 0eedb967378478d629336ed19131e146
I, [2025-06-21T03:08:10.725929 #30986]  INFO -- : Chunk 0 stored for session: 82ca14277b018f70929907b4ff2a6471
I, [2025-06-21T03:08:10.732584 #30991]  INFO -- : Chunk 1 stored for session: 10cca420899c67d1f08901c26f4ec514
I, [2025-06-21T03:08:10.749123 #30991]  INFO -- : Chunk 2 stored for session: 10cca420899c67d1f08901c26f4ec514
I, [2025-06-21T03:08:10.762026 #30991]  INFO -- : Chunk 0 stored for session: 0e8b2c1fd938ed1471fcb9adf68e1f6b
I, [2025-06-21T03:08:10.777097 #30991]  INFO -- : Streaming session created: f37627f28c29f9f541484f8be04811e2 for file: commissario_brunetti_zweiter_fall.jpg
I, [2025-06-21T03:08:10.781666 #30991]  INFO -- : Streaming session created: 2028e04a261f6441d1e8920b0491bda4 for file: jenseits.jpg
I, [2025-06-21T03:08:10.802582 #30986]  INFO -- : Streaming session created: a419c5cd35dd0acf267d97d4e22998fd for file: niccolo-machiavelli_the-prince_w-k-marriott_advanced.epub
I, [2025-06-21T03:08:10.824221 #30991]  INFO -- : Streaming session created: 598652883c9c04d20df9c295c03e85ff for file: 新华词典 (Chinese Edition).mobi
I, [2025-06-21T03:08:11.086099 #30986]  INFO -- : Chunk 1 stored for session: 0e8b2c1fd938ed1471fcb9adf68e1f6b
I, [2025-06-21T03:08:11.089190 #30991]  INFO -- : Chunk 2 stored for session: 0e8b2c1fd938ed1471fcb9adf68e1f6b
I, [2025-06-21T03:08:11.096431 #30991]  INFO -- : Chunk 1 stored for session: b57067849b0755d283118a6471f735ad
I, [2025-06-21T03:08:11.099281 #30986]  INFO -- : Chunk 0 stored for session: b57067849b0755d283118a6471f735ad
I, [2025-06-21T03:08:11.107274 #30986]  INFO -- : Chunk 0 stored for session: 82edf7c16088b18d6e9ffc551c5d7cc3
I, [2025-06-21T03:08:11.115928 #30986]  INFO -- : Streaming upload finalized: Un61ieXl
I, [2025-06-21T03:08:11.125368 #30991]  INFO -- : Streaming upload finalized: LFYCEKrW
I, [2025-06-21T03:08:11.138032 #30991]  INFO -- : Streaming upload finalized: pCxk50yl
I, [2025-06-21T03:08:11.140224 #30991]  INFO -- : Chunk 1 stored for session: 82edf7c16088b18d6e9ffc551c5d7cc3
I, [2025-06-21T03:08:11.152201 #30986]  INFO -- : Streaming upload finalized: HYS2hSDt
I, [2025-06-21T03:08:11.158577 #30991]  INFO -- : Streaming upload finalized: mwtpwWxX
I, [2025-06-21T03:08:11.182884 #30986]  INFO -- : Chunk 0 stored for session: 3a47e1bdbd38f9a00ae6e1f6ab9c7b3d
I, [2025-06-21T03:08:11.205744 #30986]  INFO -- : Chunk 0 stored for session: 80279f0b00266382201c81cafc434897
I, [2025-06-21T03:08:11.216299 #30991]  INFO -- : Chunk 2 stored for session: 82edf7c16088b18d6e9ffc551c5d7cc3
I, [2025-06-21T03:08:11.220531 #30991]  INFO -- : Chunk 1 stored for session: 3a47e1bdbd38f9a00ae6e1f6ab9c7b3d
I, [2025-06-21T03:08:11.246232 #30986]  INFO -- : Chunk 1 stored for session: 80279f0b00266382201c81cafc434897
I, [2025-06-21T03:08:11.260060 #30986]  INFO -- : Streaming upload finalized: i1actK7a
I, [2025-06-21T03:08:11.512584 #30991]  INFO -- : Chunk 0 stored for session: eb2160c124d6ddc3c337d85ae91bdf2b
I, [2025-06-21T03:08:11.516233 #30986]  INFO -- : Chunk 1 stored for session: eb2160c124d6ddc3c337d85ae91bdf2b
I, [2025-06-21T03:08:11.642915 #30986]  INFO -- : Chunk 2 stored for session: 3a47e1bdbd38f9a00ae6e1f6ab9c7b3d
I, [2025-06-21T03:08:11.643139 #30991]  INFO -- : Chunk 2 stored for session: eb2160c124d6ddc3c337d85ae91bdf2b
I, [2025-06-21T03:08:11.671735 #30991]  INFO -- : Streaming upload finalized: NatfIFNo
I, [2025-06-21T03:08:11.708027 #30991]  INFO -- : Chunk 0 stored for session: 39560caf3242a434c52325d673e1a316
I, [2025-06-21T03:08:11.925066 #30986]  INFO -- : Chunk 0 stored for session: d79caee850033d0b74fa18611ffc7327
I, [2025-06-21T03:08:12.023691 #30991]  INFO -- : Chunk 1 stored for session: 39560caf3242a434c52325d673e1a316
I, [2025-06-21T03:08:12.118476 #30991]  INFO -- : Chunk 1 stored for session: d79caee850033d0b74fa18611ffc7327
I, [2025-06-21T03:08:12.147998 #30986]  INFO -- : Chunk 2 stored for session: 39560caf3242a434c52325d673e1a316
I, [2025-06-21T03:08:12.156638 #30991]  INFO -- : Chunk 2 stored for session: d79caee850033d0b74fa18611ffc7327
I, [2025-06-21T03:08:12.279279 #30991]  INFO -- : Chunk 0 stored for session: 69b7c6a1a9c323bfbca20881b8d95b3c
I, [2025-06-21T03:08:12.404905 #30986]  INFO -- : Chunk 1 stored for session: 69b7c6a1a9c323bfbca20881b8d95b3c
I, [2025-06-21T03:08:12.467342 #30991]  INFO -- : Chunk 2 stored for session: 69b7c6a1a9c323bfbca20881b8d95b3c
I, [2025-06-21T03:08:12.468429 #30986]  INFO -- : Chunk 0 stored for session: dbdbd21ee4d9821b4b9508ab558f35fe
I, [2025-06-21T03:08:12.486813 #30991]  INFO -- : Streaming upload finalized: wEaf9vVm
I, [2025-06-21T03:08:12.567459 #30986]  INFO -- : Chunk 0 stored for session: fde20ae4498ba3d12a4344447d58037d
I, [2025-06-21T03:08:16.619796 #30986]  INFO -- : Chunk 1 stored for session: fde20ae4498ba3d12a4344447d58037d
I, [2025-06-21T03:08:16.624328 #30986]  INFO -- : Chunk 0 stored for session: 69bbcfaaec7a50ef3fbe01613da19c3d
I, [2025-06-21T03:08:16.634155 #30991]  INFO -- : Chunk 0 stored for session: 44ea6d77e5ecab413bf4a9f8d7dd10d5
I, [2025-06-21T03:08:16.645830 #30986]  INFO -- : Chunk 1 stored for session: 44ea6d77e5ecab413bf4a9f8d7dd10d5
I, [2025-06-21T03:08:16.646803 #30991]  INFO -- : Chunk 2 stored for session: 44ea6d77e5ecab413bf4a9f8d7dd10d5
I, [2025-06-21T03:08:16.652448 #30991]  INFO -- : Chunk 1 stored for session: 0523d69f74303fa64bc3f1b0ee8d74f8
I, [2025-06-21T03:08:16.654314 #30991]  INFO -- : Chunk 0 stored for session: 56b34367ad7ebaad53f6e1c1716767b7
I, [2025-06-21T03:08:16.654683 #30986]  INFO -- : Chunk 0 stored for session: 0523d69f74303fa64bc3f1b0ee8d74f8
I, [2025-06-21T03:08:16.659924 #30986]  INFO -- : Chunk 0 stored for session: 010a27973bc1dd559f10b2d72ed5b5ce
I, [2025-06-21T03:08:16.664496 #30986]  INFO -- : Chunk 0 stored for session: c369653dedf3fe8c496e2acfbb617de6
I, [2025-06-21T03:08:16.666984 #30991]  INFO -- : Chunk 0 stored for session: c813f30cbb43922eefbff0a64fb60e69
I, [2025-06-21T03:08:16.679196 #30986]  INFO -- : Streaming upload finalized: lizoCqKl
I, [2025-06-21T03:08:16.685281 #30986]  INFO -- : Chunk 1 stored for session: c813f30cbb43922eefbff0a64fb60e69
I, [2025-06-21T03:08:16.689082 #30991]  INFO -- : Streaming upload finalized: 5BIOfk1z
I, [2025-06-21T03:08:16.708902 #30991]  INFO -- : Streaming upload finalized: wAHFd0Rs
I, [2025-06-21T03:08:16.717012 #30991]  INFO -- : Streaming upload finalized: nAX0vuQU
I, [2025-06-21T03:08:16.720207 #30986]  INFO -- : Streaming upload finalized: twTaHktc
I, [2025-06-21T03:08:16.720981 #30986]  INFO -- : Streaming upload finalized: l0Rmt9E3
I, [2025-06-21T03:08:16.726948 #30986]  INFO -- : Streaming upload finalized: vhi8cjcL
I, [2025-06-21T03:08:16.985614 #30986]  INFO -- : Chunk 0 stored for session: aae054539f1bc163aeb407e8f2d4f261
I, [2025-06-21T03:08:16.988553 #30991]  INFO -- : Chunk 0 stored for session: 1500129a66ad5e6d3ce51c1f94c2e65c
I, [2025-06-21T03:08:17.002040 #30986]  INFO -- : Chunk 0 stored for session: 755e2bccd133a86e2f9734aeb8648c63
I, [2025-06-21T03:08:17.004270 #30986]  INFO -- : Chunk 0 stored for session: da437a043e481b2e514a1f376418a32c
I, [2025-06-21T03:08:17.011450 #30986]  INFO -- : Chunk 2 stored for session: da437a043e481b2e514a1f376418a32c
I, [2025-06-21T03:08:17.022767 #30991]  INFO -- : Chunk 1 stored for session: da437a043e481b2e514a1f376418a32c
I, [2025-06-21T03:08:17.027632 #30991]  INFO -- : Chunk 2 stored for session: 739707888478a294031b03569dbfed93
I, [2025-06-21T03:08:17.037199 #30991]  INFO -- : Chunk 1 stored for session: 946765a4384c7160bd39ce698c6b05f4
I, [2025-06-21T03:08:17.038637 #30991]  INFO -- : Chunk 2 stored for session: 946765a4384c7160bd39ce698c6b05f4
I, [2025-06-21T03:08:17.043885 #30986]  INFO -- : Streaming upload finalized: Pe1VnVgW
I, [2025-06-21T03:08:17.047045 #30991]  INFO -- : Streaming upload finalized: ko7rLthZ
I, [2025-06-21T03:08:17.048533 #30986]  INFO -- : Chunk 0 stored for session: 739707888478a294031b03569dbfed93
I, [2025-06-21T03:08:17.049373 #30986]  INFO -- : Chunk 1 stored for session: 739707888478a294031b03569dbfed93
I, [2025-06-21T03:08:17.050303 #30986]  INFO -- : Chunk 0 stored for session: 946765a4384c7160bd39ce698c6b05f4
I, [2025-06-21T03:08:17.053294 #30991]  INFO -- : Streaming upload finalized: vFpisIzQ
I, [2025-06-21T03:08:17.287239 #30991]  INFO -- : Chunk 0 stored for session: 017f4fff5bac1282bf04d83ea6ac6792
I, [2025-06-21T03:08:17.291580 #30986]  INFO -- : Chunk 1 stored for session: 017f4fff5bac1282bf04d83ea6ac6792
I, [2025-06-21T03:08:17.301445 #30991]  INFO -- : Chunk 0 stored for session: b1b55e7f918aec946dc4323387e094c8
I, [2025-06-21T03:08:17.302664 #30986]  INFO -- : Chunk 2 stored for session: 017f4fff5bac1282bf04d83ea6ac6792
I, [2025-06-21T03:08:17.310328 #30991]  INFO -- : Chunk 0 stored for session: 4116ea8c91a759d34efed09a17495749
I, [2025-06-21T03:08:17.312490 #30986]  INFO -- : Chunk 0 stored for session: 11bc89c34aab6987adfadb28b2abb83b
I, [2025-06-21T03:08:17.447833 #30986]  INFO -- : Chunk 1 stored for session: 4116ea8c91a759d34efed09a17495749
I, [2025-06-21T03:08:17.452709 #30991]  INFO -- : Chunk 1 stored for session: 11bc89c34aab6987adfadb28b2abb83b
I, [2025-06-21T03:08:17.456851 #30986]  INFO -- : Chunk 2 stored for session: 4116ea8c91a759d34efed09a17495749
I, [2025-06-21T03:08:17.458696 #30991]  INFO -- : Chunk 2 stored for session: 11bc89c34aab6987adfadb28b2abb83b
I, [2025-06-21T03:08:17.465676 #30986]  INFO -- : Chunk 0 stored for session: 4007504ae94eacc1404a9cf93b32cbf7
I, [2025-06-21T03:08:17.471294 #30991]  INFO -- : Chunk 1 stored for session: 4007504ae94eacc1404a9cf93b32cbf7
I, [2025-06-21T03:08:17.475092 #30986]  INFO -- : Chunk 2 stored for session: 4007504ae94eacc1404a9cf93b32cbf7
I, [2025-06-21T03:08:17.490266 #30991]  INFO -- : Chunk 0 stored for session: 8aab245ab69cfba22ea3f43c1df92977
I, [2025-06-21T03:08:17.494216 #30986]  INFO -- : Chunk 1 stored for session: 8aab245ab69cfba22ea3f43c1df92977
I, [2025-06-21T03:08:17.500993 #30991]  INFO -- : Chunk 2 stored for session: 8aab245ab69cfba22ea3f43c1df92977
I, [2025-06-21T03:08:17.500995 #30986]  INFO -- : Chunk 0 stored for session: 00ff29cdc0e9fbfe66caeb985ff58aad
I, [2025-06-21T03:08:17.511470 #30991]  INFO -- : Chunk 2 stored for session: 00ff29cdc0e9fbfe66caeb985ff58aad
I, [2025-06-21T03:08:17.512893 #30986]  INFO -- : Chunk 1 stored for session: 00ff29cdc0e9fbfe66caeb985ff58aad
I, [2025-06-21T03:08:17.520511 #30991]  INFO -- : Chunk 0 stored for session: 5d65ec0462c3e2559ad6c1378250ac50
I, [2025-06-21T03:08:17.521416 #30991]  INFO -- : Chunk 0 stored for session: 15201643af4cadaf3ba64132520f0ec6
I, [2025-06-21T03:08:17.523251 #30986]  INFO -- : Chunk 0 stored for session: 37b926ce3ab4262edfd4e3740eeeecec
I, [2025-06-21T03:08:17.536870 #30986]  INFO -- : Streaming upload finalized: 33VJbeSg
I, [2025-06-21T03:08:17.541841 #30986]  INFO -- : Chunk 2 stored for session: 37b926ce3ab4262edfd4e3740eeeecec
I, [2025-06-21T03:08:17.544252 #30991]  INFO -- : Chunk 1 stored for session: 37b926ce3ab4262edfd4e3740eeeecec
I, [2025-06-21T03:08:17.544858 #30991]  INFO -- : Streaming upload finalized: 8dvXbKHH
I, [2025-06-21T03:08:17.694526 #30991]  INFO -- : Chunk 0 stored for session: e32bdc03fc10fcb0a11eca865fe69798
I, [2025-06-21T03:08:17.712669 #30991]  INFO -- : Chunk 1 stored for session: 97b4e7fd1dc1f1c1995dbf38f4eb0b9c
I, [2025-06-21T03:08:17.713895 #30991]  INFO -- : Chunk 0 stored for session: 11be3556a72262ee621ec2a9a3080736
I, [2025-06-21T03:08:17.715701 #30986]  INFO -- : Chunk 0 stored for session: 97b4e7fd1dc1f1c1995dbf38f4eb0b9c
I, [2025-06-21T03:08:17.716531 #30991]  INFO -- : Chunk 0 stored for session: 30d296a3662f5d0b03fc0314bec0d747
I, [2025-06-21T03:08:17.717148 #30991]  INFO -- : Chunk 0 stored for session: 2ca798cc767425b4382467a870b46d46
I, [2025-06-21T03:08:17.719675 #30986]  INFO -- : Chunk 0 stored for session: 3729fb81e50a7539074819c3f7b2c6b0
I, [2025-06-21T03:08:17.719976 #30986]  INFO -- : Chunk 0 stored for session: 658518931d8c7f1a0e3ffd6f8b3902d5
I, [2025-06-21T03:08:17.730817 #30991]  INFO -- : Chunk 0 stored for session: b62834a3440e5677023ce3241bc35f2f
I, [2025-06-21T03:08:17.732172 #30986]  INFO -- : Chunk 4 stored for session: 0eedb967378478d629336ed19131e146
I, [2025-06-21T03:08:17.732964 #30986]  INFO -- : Chunk 5 stored for session: 0eedb967378478d629336ed19131e146
I, [2025-06-21T03:08:17.730919 #30991]  INFO -- : Chunk 0 stored for session: 1d67e5cdd7ed817cef0c278e26dcfc64
I, [2025-06-21T03:08:17.738342 #30991]  INFO -- : Chunk 2 stored for session: 97b4e7fd1dc1f1c1995dbf38f4eb0b9c
I, [2025-06-21T03:08:17.744730 #30991]  INFO -- : Chunk 3 stored for session: 0eedb967378478d629336ed19131e146
I, [2025-06-21T03:08:17.749928 #30986]  INFO -- : Chunk 8 stored for session: 0eedb967378478d629336ed19131e146
I, [2025-06-21T03:08:17.750482 #30991]  INFO -- : Chunk 7 stored for session: 0eedb967378478d629336ed19131e146
I, [2025-06-21T03:08:17.750885 #30991]  INFO -- : Chunk 6 stored for session: 0eedb967378478d629336ed19131e146
I, [2025-06-21T03:08:17.756623 #30991]  INFO -- : Chunk 9 stored for session: 0eedb967378478d629336ed19131e146
I, [2025-06-21T03:08:17.758192 #30986]  INFO -- : Chunk 10 stored for session: 0eedb967378478d629336ed19131e146
I, [2025-06-21T03:08:17.766603 #30991]  INFO -- : Chunk 11 stored for session: 0eedb967378478d629336ed19131e146
I, [2025-06-21T03:08:17.767403 #30986]  INFO -- : Chunk 12 stored for session: 0eedb967378478d629336ed19131e146
I, [2025-06-21T03:08:17.777776 #30986]  INFO -- : Chunk 14 stored for session: 0eedb967378478d629336ed19131e146
I, [2025-06-21T03:08:17.778186 #30991]  INFO -- : Chunk 13 stored for session: 0eedb967378478d629336ed19131e146
I, [2025-06-21T03:08:17.785748 #30991]  INFO -- : Chunk 16 stored for session: 0eedb967378478d629336ed19131e146
I, [2025-06-21T03:08:17.787340 #30986]  INFO -- : Chunk 15 stored for session: 0eedb967378478d629336ed19131e146
I, [2025-06-21T03:08:17.795495 #30991]  INFO -- : Chunk 17 stored for session: 0eedb967378478d629336ed19131e146
I, [2025-06-21T03:08:17.798513 #30986]  INFO -- : Chunk 18 stored for session: 0eedb967378478d629336ed19131e146
I, [2025-06-21T03:08:17.807240 #30991]  INFO -- : Chunk 20 stored for session: 0eedb967378478d629336ed19131e146
I, [2025-06-21T03:08:17.809766 #30986]  INFO -- : Chunk 19 stored for session: 0eedb967378478d629336ed19131e146
I, [2025-06-21T03:08:17.821778 #30991]  INFO -- : Chunk 22 stored for session: 0eedb967378478d629336ed19131e146
I, [2025-06-21T03:08:17.822234 #30986]  INFO -- : Chunk 21 stored for session: 0eedb967378478d629336ed19131e146
I, [2025-06-21T03:08:17.835221 #30991]  INFO -- : Chunk 23 stored for session: 0eedb967378478d629336ed19131e146
I, [2025-06-21T03:08:17.835710 #30991]  INFO -- : Chunk 24 stored for session: 0eedb967378478d629336ed19131e146
I, [2025-06-21T03:08:17.848710 #30986]  INFO -- : Chunk 25 stored for session: 0eedb967378478d629336ed19131e146
I, [2025-06-21T03:08:17.849492 #30991]  INFO -- : Chunk 27 stored for session: 0eedb967378478d629336ed19131e146
I, [2025-06-21T03:08:17.850128 #30986]  INFO -- : Chunk 26 stored for session: 0eedb967378478d629336ed19131e146
I, [2025-06-21T03:08:17.863745 #30991]  INFO -- : Chunk 28 stored for session: 0eedb967378478d629336ed19131e146
I, [2025-06-21T03:08:17.882127 #30986]  INFO -- : Chunk 29 stored for session: 0eedb967378478d629336ed19131e146
I, [2025-06-21T03:08:17.896770 #30986]  INFO -- : Chunk 31 stored for session: 0eedb967378478d629336ed19131e146
I, [2025-06-21T03:08:17.896796 #30991]  INFO -- : Chunk 30 stored for session: 0eedb967378478d629336ed19131e146
I, [2025-06-21T03:08:17.899134 #30986]  INFO -- : Chunk 32 stored for session: 0eedb967378478d629336ed19131e146
I, [2025-06-21T03:08:17.900749 #30986]  INFO -- : Chunk 33 stored for session: 0eedb967378478d629336ed19131e146
I, [2025-06-21T03:08:17.901457 #30986]  INFO -- : Chunk 34 stored for session: 0eedb967378478d629336ed19131e146
I, [2025-06-21T03:08:17.907646 #30986]  INFO -- : Chunk 35 stored for session: 0eedb967378478d629336ed19131e146
I, [2025-06-21T03:08:17.907659 #30991]  INFO -- : Chunk 36 stored for session: 0eedb967378478d629336ed19131e146
I, [2025-06-21T03:08:17.917808 #30991]  INFO -- : Chunk 37 stored for session: 0eedb967378478d629336ed19131e146
I, [2025-06-21T03:08:17.923277 #30986]  INFO -- : Chunk 38 stored for session: 0eedb967378478d629336ed19131e146
I, [2025-06-21T03:08:17.928246 #30991]  INFO -- : Chunk 39 stored for session: 0eedb967378478d629336ed19131e146
I, [2025-06-21T03:08:17.929798 #30991]  INFO -- : Chunk 40 stored for session: 0eedb967378478d629336ed19131e146
I, [2025-06-21T03:08:17.932978 #30986]  INFO -- : Chunk 41 stored for session: 0eedb967378478d629336ed19131e146
I, [2025-06-21T03:08:17.938948 #30991]  INFO -- : Chunk 42 stored for session: 0eedb967378478d629336ed19131e146
I, [2025-06-21T03:08:17.946155 #30986]  INFO -- : Chunk 43 stored for session: 0eedb967378478d629336ed19131e146
I, [2025-06-21T03:08:17.954678 #30991]  INFO -- : Chunk 45 stored for session: 0eedb967378478d629336ed19131e146
I, [2025-06-21T03:08:17.955733 #30986]  INFO -- : Chunk 44 stored for session: 0eedb967378478d629336ed19131e146
I, [2025-06-21T03:08:17.963498 #30991]  INFO -- : Chunk 46 stored for session: 0eedb967378478d629336ed19131e146
I, [2025-06-21T03:08:17.972047 #30991]  INFO -- : Chunk 48 stored for session: 0eedb967378478d629336ed19131e146
I, [2025-06-21T03:08:17.973347 #30986]  INFO -- : Chunk 47 stored for session: 0eedb967378478d629336ed19131e146
I, [2025-06-21T03:08:17.980419 #30986]  INFO -- : Chunk 49 stored for session: 0eedb967378478d629336ed19131e146
I, [2025-06-21T03:08:17.996938 #30991]  INFO -- : Chunk 50 stored for session: 0eedb967378478d629336ed19131e146
I, [2025-06-21T03:08:18.002086 #30986]  INFO -- : Chunk 51 stored for session: 0eedb967378478d629336ed19131e146
I, [2025-06-21T03:08:18.005133 #30991]  INFO -- : Chunk 52 stored for session: 0eedb967378478d629336ed19131e146
I, [2025-06-21T03:08:18.015706 #30991]  INFO -- : Chunk 54 stored for session: 0eedb967378478d629336ed19131e146
I, [2025-06-21T03:08:18.017655 #30986]  INFO -- : Chunk 53 stored for session: 0eedb967378478d629336ed19131e146
I, [2025-06-21T03:08:18.025945 #30991]  INFO -- : Chunk 55 stored for session: 0eedb967378478d629336ed19131e146
I, [2025-06-21T03:08:18.030294 #30986]  INFO -- : Chunk 56 stored for session: 0eedb967378478d629336ed19131e146
I, [2025-06-21T03:08:18.036705 #30991]  INFO -- : Chunk 57 stored for session: 0eedb967378478d629336ed19131e146
I, [2025-06-21T03:08:18.038541 #30986]  INFO -- : Chunk 58 stored for session: 0eedb967378478d629336ed19131e146
I, [2025-06-21T03:08:18.049833 #30991]  INFO -- : Chunk 60 stored for session: 0eedb967378478d629336ed19131e146
I, [2025-06-21T03:08:18.049862 #30986]  INFO -- : Chunk 59 stored for session: 0eedb967378478d629336ed19131e146
I, [2025-06-21T03:08:18.062076 #30991]  INFO -- : Chunk 61 stored for session: 0eedb967378478d629336ed19131e146
I, [2025-06-21T03:08:18.063808 #30986]  INFO -- : Chunk 62 stored for session: 0eedb967378478d629336ed19131e146
I, [2025-06-21T03:08:18.068664 #30986]  INFO -- : Chunk 63 stored for session: 0eedb967378478d629336ed19131e146
I, [2025-06-21T03:08:18.075354 #30991]  INFO -- : Chunk 64 stored for session: 0eedb967378478d629336ed19131e146
I, [2025-06-21T03:08:18.076525 #30986]  INFO -- : Chunk 65 stored for session: 0eedb967378478d629336ed19131e146
I, [2025-06-21T03:08:18.096011 #30986]  INFO -- : Chunk 67 stored for session: 0eedb967378478d629336ed19131e146
I, [2025-06-21T03:08:18.099514 #30991]  INFO -- : Chunk 66 stored for session: 0eedb967378478d629336ed19131e146
I, [2025-06-21T03:08:18.112490 #30986]  INFO -- : Chunk 68 stored for session: 0eedb967378478d629336ed19131e146
I, [2025-06-21T03:08:18.123913 #30986]  INFO -- : Chunk 69 stored for session: 0eedb967378478d629336ed19131e146
I, [2025-06-21T03:08:18.125376 #30986]  INFO -- : Chunk 70 stored for session: 0eedb967378478d629336ed19131e146
I, [2025-06-21T03:08:18.130760 #30986]  INFO -- : Chunk 72 stored for session: 0eedb967378478d629336ed19131e146
I, [2025-06-21T03:08:18.130840 #30991]  INFO -- : Chunk 71 stored for session: 0eedb967378478d629336ed19131e146
E, [2025-06-21T03:08:18.139993 #30986] ERROR -- : Chunk upload error: unexpected end of input at line 1 column 1
I, [2025-06-21T03:08:18.140403 #30986]  INFO -- : Chunk 73 stored for session: 0eedb967378478d629336ed19131e146
I, [2025-06-21T03:08:18.150437 #30986]  INFO -- : Chunk 76 stored for session: 0eedb967378478d629336ed19131e146
I, [2025-06-21T03:08:18.165345 #30986]  INFO -- : Chunk 77 stored for session: 0eedb967378478d629336ed19131e146
I, [2025-06-21T03:08:18.165473 #30991]  INFO -- : Chunk 75 stored for session: 0eedb967378478d629336ed19131e146
E, [2025-06-21T03:08:18.169670 #30991] ERROR -- : Chunk upload error: unexpected end of input at line 1 column 1
I, [2025-06-21T03:08:18.170073 #30986]  INFO -- : Chunk 78 stored for session: 0eedb967378478d629336ed19131e146
I, [2025-06-21T03:08:18.176690 #30986]  INFO -- : Chunk 80 stored for session: 0eedb967378478d629336ed19131e146
I, [2025-06-21T03:08:18.181379 #30991]  INFO -- : Chunk 82 stored for session: 0eedb967378478d629336ed19131e146
I, [2025-06-21T03:08:18.185368 #30986]  INFO -- : Chunk 81 stored for session: 0eedb967378478d629336ed19131e146
I, [2025-06-21T03:08:18.190016 #30991]  INFO -- : Chunk 83 stored for session: 0eedb967378478d629336ed19131e146
I, [2025-06-21T03:08:18.208193 #30991]  INFO -- : Chunk 85 stored for session: 0eedb967378478d629336ed19131e146
I, [2025-06-21T03:08:18.222448 #30991]  INFO -- : Chunk 86 stored for session: 0eedb967378478d629336ed19131e146
I, [2025-06-21T03:08:18.225979 #30991]  INFO -- : Chunk 87 stored for session: 0eedb967378478d629336ed19131e146
I, [2025-06-21T03:08:18.232153 #30991]  INFO -- : Chunk 88 stored for session: 0eedb967378478d629336ed19131e146
I, [2025-06-21T03:08:18.233379 #30986]  INFO -- : Chunk 84 stored for session: 0eedb967378478d629336ed19131e146
I, [2025-06-21T03:08:18.237480 #30986]  INFO -- : Chunk 89 stored for session: 0eedb967378478d629336ed19131e146
I, [2025-06-21T03:08:18.243855 #30991]  INFO -- : Chunk 90 stored for session: 0eedb967378478d629336ed19131e146
I, [2025-06-21T03:08:18.245356 #30986]  INFO -- : Chunk 91 stored for session: 0eedb967378478d629336ed19131e146
I, [2025-06-21T03:08:18.255340 #30991]  INFO -- : Chunk 92 stored for session: 0eedb967378478d629336ed19131e146
I, [2025-06-21T03:08:18.259138 #30986]  INFO -- : Chunk 93 stored for session: 0eedb967378478d629336ed19131e146
I, [2025-06-21T03:08:18.272613 #30991]  INFO -- : Chunk 94 stored for session: 0eedb967378478d629336ed19131e146
I, [2025-06-21T03:08:18.273254 #30991]  INFO -- : Chunk 95 stored for session: 0eedb967378478d629336ed19131e146
I, [2025-06-21T03:08:18.277374 #30986]  INFO -- : Chunk 96 stored for session: 0eedb967378478d629336ed19131e146
I, [2025-06-21T03:08:18.285072 #30986]  INFO -- : Chunk 97 stored for session: 0eedb967378478d629336ed19131e146
E, [2025-06-21T03:08:18.285101 #30991] ERROR -- : Chunk upload error: unexpected end of input at line 1 column 1
I, [2025-06-21T03:08:18.296818 #30991]  INFO -- : Chunk 100 stored for session: 0eedb967378478d629336ed19131e146
I, [2025-06-21T03:08:18.298162 #30986]  INFO -- : Chunk 99 stored for session: 0eedb967378478d629336ed19131e146
I, [2025-06-21T03:08:18.316618 #30986]  INFO -- : Chunk 102 stored for session: 0eedb967378478d629336ed19131e146
I, [2025-06-21T03:08:18.317328 #30991]  INFO -- : Chunk 101 stored for session: 0eedb967378478d629336ed19131e146
I, [2025-06-21T03:08:18.329158 #30986]  INFO -- : Chunk 103 stored for session: 0eedb967378478d629336ed19131e146
I, [2025-06-21T03:08:18.330024 #30986]  INFO -- : Chunk 104 stored for session: 0eedb967378478d629336ed19131e146
I, [2025-06-21T03:08:18.338442 #30991]  INFO -- : Chunk 105 stored for session: 0eedb967378478d629336ed19131e146
I, [2025-06-21T03:08:18.340048 #30986]  INFO -- : Chunk 106 stored for session: 0eedb967378478d629336ed19131e146
I, [2025-06-21T03:08:18.346308 #30991]  INFO -- : Chunk 108 stored for session: 0eedb967378478d629336ed19131e146
I, [2025-06-21T03:08:18.348621 #30986]  INFO -- : Chunk 107 stored for session: 0eedb967378478d629336ed19131e146
I, [2025-06-21T03:08:18.360531 #30991]  INFO -- : Chunk 109 stored for session: 0eedb967378478d629336ed19131e146
I, [2025-06-21T03:08:18.361501 #30991]  INFO -- : Chunk 110 stored for session: 0eedb967378478d629336ed19131e146
I, [2025-06-21T03:08:18.364553 #30986]  INFO -- : Chunk 111 stored for session: 0eedb967378478d629336ed19131e146
I, [2025-06-21T03:08:18.373511 #30991]  INFO -- : Chunk 112 stored for session: 0eedb967378478d629336ed19131e146
I, [2025-06-21T03:08:18.375719 #30986]  INFO -- : Chunk 113 stored for session: 0eedb967378478d629336ed19131e146
I, [2025-06-21T03:08:18.382819 #30991]  INFO -- : Chunk 114 stored for session: 0eedb967378478d629336ed19131e146
I, [2025-06-21T03:08:18.388829 #30986]  INFO -- : Chunk 115 stored for session: 0eedb967378478d629336ed19131e146
I, [2025-06-21T03:08:18.394725 #30991]  INFO -- : Chunk 116 stored for session: 0eedb967378478d629336ed19131e146
I, [2025-06-21T03:08:18.405795 #30991]  INFO -- : Chunk 117 stored for session: 0eedb967378478d629336ed19131e146
I, [2025-06-21T03:08:18.407479 #30986]  INFO -- : Chunk 118 stored for session: 0eedb967378478d629336ed19131e146
I, [2025-06-21T03:08:18.415613 #30991]  INFO -- : Chunk 119 stored for session: 0eedb967378478d629336ed19131e146
I, [2025-06-21T03:08:18.416487 #30986]  INFO -- : Chunk 120 stored for session: 0eedb967378478d629336ed19131e146
I, [2025-06-21T03:08:18.428068 #30986]  INFO -- : Chunk 121 stored for session: 0eedb967378478d629336ed19131e146
I, [2025-06-21T03:08:18.428078 #30991]  INFO -- : Chunk 122 stored for session: 0eedb967378478d629336ed19131e146
I, [2025-06-21T03:08:18.436892 #30991]  INFO -- : Chunk 123 stored for session: 0eedb967378478d629336ed19131e146
I, [2025-06-21T03:08:18.439622 #30986]  INFO -- : Chunk 124 stored for session: 0eedb967378478d629336ed19131e146
I, [2025-06-21T03:08:18.449218 #30991]  INFO -- : Chunk 126 stored for session: 0eedb967378478d629336ed19131e146
I, [2025-06-21T03:08:18.449651 #30991]  INFO -- : Chunk 125 stored for session: 0eedb967378478d629336ed19131e146
I, [2025-06-21T03:08:18.454397 #30986]  INFO -- : Chunk 0 stored for session: 0acc5eda664903b695abea449b83fa95
I, [2025-06-21T03:08:18.455700 #30986]  INFO -- : Chunk 128 stored for session: 0eedb967378478d629336ed19131e146
I, [2025-06-21T03:08:18.459817 #30986]  INFO -- : Chunk 127 stored for session: 0eedb967378478d629336ed19131e146
I, [2025-06-21T03:08:18.655464 #30991]  INFO -- : Chunk 0 stored for session: f37627f28c29f9f541484f8be04811e2
I, [2025-06-21T03:08:18.657458 #30986]  INFO -- : Chunk 0 stored for session: 2028e04a261f6441d1e8920b0491bda4
I, [2025-06-21T03:08:18.661252 #30986]  INFO -- : Chunk 0 stored for session: a419c5cd35dd0acf267d97d4e22998fd
I, [2025-06-21T03:08:18.666612 #30991]  INFO -- : Chunk 0 stored for session: 598652883c9c04d20df9c295c03e85ff
I, [2025-06-21T03:08:18.670969 #30986]  INFO -- : Chunk 1 stored for session: 598652883c9c04d20df9c295c03e85ff
I, [2025-06-21T03:08:18.675046 #30991]  INFO -- : Chunk 2 stored for session: 598652883c9c04d20df9c295c03e85ff
I, [2025-06-21T03:08:18.680163 #30986]  INFO -- : Chunk 3 stored for session: 82edf7c16088b18d6e9ffc551c5d7cc3
I, [2025-06-21T03:08:18.685537 #30991]  INFO -- : Chunk 4 stored for session: 82edf7c16088b18d6e9ffc551c5d7cc3
I, [2025-06-21T03:08:18.690179 #30986]  INFO -- : Chunk 5 stored for session: 82edf7c16088b18d6e9ffc551c5d7cc3
I, [2025-06-21T03:08:18.690596 #30991]  INFO -- : Chunk 6 stored for session: 82edf7c16088b18d6e9ffc551c5d7cc3
I, [2025-06-21T03:08:18.697998 #30986]  INFO -- : Chunk 3 stored for session: eb2160c124d6ddc3c337d85ae91bdf2b
I, [2025-06-21T03:08:18.721103 #30986]  INFO -- : Streaming upload finalized: 9x1OD6s8
I, [2025-06-21T03:08:18.726709 #30991]  INFO -- : Streaming upload finalized: tw2urgzV
I, [2025-06-21T03:08:18.735875 #30986]  INFO -- : Streaming upload finalized: 6jWkmZPD
I, [2025-06-21T03:08:18.736636 #30986]  INFO -- : Streaming upload finalized: fV3p2DkL
I, [2025-06-21T03:08:18.857509 #30986]  INFO -- : Streaming upload finalized: azqmEmHi
I, [2025-06-21T03:08:18.864761 #30986]  INFO -- : Streaming upload finalized: IuAt4RvL
I, [2025-06-21T03:08:18.878326 #30986]  INFO -- : Streaming upload finalized: QBOTsZwJ
I, [2025-06-21T03:08:18.878370 #30986]  INFO -- : Streaming upload finalized: f2R6tjrI
I, [2025-06-21T03:08:18.881038 #30986]  INFO -- : Streaming upload finalized: Ta2ie4Zi
I, [2025-06-21T03:08:18.895577 #30986]  INFO -- : Streaming upload finalized: rYs03thn
I, [2025-06-21T03:08:18.900291 #30986]  INFO -- : Streaming upload finalized: ogYUFDS1
I, [2025-06-21T03:08:18.900339 #30986]  INFO -- : Streaming upload finalized: fRwgaRtY
I, [2025-06-21T03:08:18.905882 #30986]  INFO -- : Streaming upload finalized: xPEOw0aK
I, [2025-06-21T03:08:18.907099 #30986]  INFO -- : Streaming upload finalized: BLQaOrju
I, [2025-06-21T03:08:18.921320 #30986]  INFO -- : Streaming upload finalized: ENmCphQB
I, [2025-06-21T03:08:18.935070 #30991]  INFO -- : Streaming upload finalized: ZlcnDkNG
I, [2025-06-21T03:08:19.188944 #30991]  INFO -- : Chunk 4 stored for session: eb2160c124d6ddc3c337d85ae91bdf2b
I, [2025-06-21T03:08:19.198812 #30986]  INFO -- : Chunk 5 stored for session: eb2160c124d6ddc3c337d85ae91bdf2b
I, [2025-06-21T03:08:19.205385 #30991]  INFO -- : Chunk 6 stored for session: eb2160c124d6ddc3c337d85ae91bdf2b
I, [2025-06-21T03:08:19.207325 #30986]  INFO -- : Chunk 7 stored for session: eb2160c124d6ddc3c337d85ae91bdf2b
I, [2025-06-21T03:08:19.212520 #30991]  INFO -- : Chunk 8 stored for session: eb2160c124d6ddc3c337d85ae91bdf2b
I, [2025-06-21T03:08:19.219576 #30986]  INFO -- : Chunk 9 stored for session: eb2160c124d6ddc3c337d85ae91bdf2b
I, [2025-06-21T03:08:19.224416 #30991]  INFO -- : Chunk 10 stored for session: eb2160c124d6ddc3c337d85ae91bdf2b
I, [2025-06-21T03:08:19.227981 #30986]  INFO -- : Chunk 11 stored for session: eb2160c124d6ddc3c337d85ae91bdf2b
I, [2025-06-21T03:08:19.260060 #30986]  INFO -- : Streaming upload finalized: 59iqVi6z
I, [2025-06-21T03:08:21.875029 #30991]  INFO -- : Chunk 3 stored for session: 39560caf3242a434c52325d673e1a316
I, [2025-06-21T03:08:21.886513 #30986]  INFO -- : Chunk 3 stored for session: d79caee850033d0b74fa18611ffc7327
I, [2025-06-21T03:08:21.894883 #30991]  INFO -- : Chunk 4 stored for session: d79caee850033d0b74fa18611ffc7327
I, [2025-06-21T03:08:21.902712 #30991]  INFO -- : Chunk 6 stored for session: d79caee850033d0b74fa18611ffc7327
I, [2025-06-21T03:08:21.907055 #30986]  INFO -- : Chunk 5 stored for session: d79caee850033d0b74fa18611ffc7327
I, [2025-06-21T03:08:21.914925 #30986]  INFO -- : Chunk 3 stored for session: 69b7c6a1a9c323bfbca20881b8d95b3c
I, [2025-06-21T03:08:21.923260 #30986]  INFO -- : Chunk 4 stored for session: 69b7c6a1a9c323bfbca20881b8d95b3c
I, [2025-06-21T03:08:21.933860 #30991]  INFO -- : Streaming upload finalized: StHX5Hoq
I, [2025-06-21T03:08:21.940573 #30986]  INFO -- : Streaming upload finalized: qdJRziya
I, [2025-06-21T03:08:24.990345 #30986]  INFO -- : Chunk 5 stored for session: 69b7c6a1a9c323bfbca20881b8d95b3c
I, [2025-06-21T03:08:24.998421 #30991]  INFO -- : Chunk 6 stored for session: 69b7c6a1a9c323bfbca20881b8d95b3c
I, [2025-06-21T03:08:25.018817 #30986]  INFO -- : Streaming upload finalized: sCTQgitr
I, [2025-06-21T03:08:29.744919 #30986]  INFO -- : Chunk 3 stored for session: 44ea6d77e5ecab413bf4a9f8d7dd10d5
I, [2025-06-21T03:08:29.784296 #30986]  INFO -- : Chunk 5 stored for session: 44ea6d77e5ecab413bf4a9f8d7dd10d5
I, [2025-06-21T03:08:29.785378 #30986]  INFO -- : Chunk 6 stored for session: 44ea6d77e5ecab413bf4a9f8d7dd10d5
I, [2025-06-21T03:08:29.785536 #30991]  INFO -- : Chunk 4 stored for session: 44ea6d77e5ecab413bf4a9f8d7dd10d5
I, [2025-06-21T03:08:29.798102 #30991]  INFO -- : Chunk 10 stored for session: 44ea6d77e5ecab413bf4a9f8d7dd10d5
I, [2025-06-21T03:08:29.812070 #30991]  INFO -- : Chunk 12 stored for session: 44ea6d77e5ecab413bf4a9f8d7dd10d5
I, [2025-06-21T03:08:29.812149 #30991]  INFO -- : Chunk 11 stored for session: 44ea6d77e5ecab413bf4a9f8d7dd10d5
I, [2025-06-21T03:08:29.829619 #30991]  INFO -- : Chunk 13 stored for session: 44ea6d77e5ecab413bf4a9f8d7dd10d5
I, [2025-06-21T03:08:29.830412 #30991]  INFO -- : Chunk 14 stored for session: 44ea6d77e5ecab413bf4a9f8d7dd10d5
I, [2025-06-21T03:08:29.842073 #30986]  INFO -- : Chunk 8 stored for session: 44ea6d77e5ecab413bf4a9f8d7dd10d5
I, [2025-06-21T03:08:29.842187 #30986]  INFO -- : Chunk 7 stored for session: 44ea6d77e5ecab413bf4a9f8d7dd10d5
I, [2025-06-21T03:08:29.843234 #30991]  INFO -- : Chunk 15 stored for session: 44ea6d77e5ecab413bf4a9f8d7dd10d5
I, [2025-06-21T03:08:29.843345 #30986]  INFO -- : Chunk 9 stored for session: 44ea6d77e5ecab413bf4a9f8d7dd10d5
I, [2025-06-21T03:08:29.845354 #30991]  INFO -- : Chunk 16 stored for session: 44ea6d77e5ecab413bf4a9f8d7dd10d5
I, [2025-06-21T03:08:29.851214 #30986]  INFO -- : Chunk 17 stored for session: 44ea6d77e5ecab413bf4a9f8d7dd10d5
I, [2025-06-21T03:08:29.854631 #30991]  INFO -- : Chunk 18 stored for session: 44ea6d77e5ecab413bf4a9f8d7dd10d5
I, [2025-06-21T03:08:29.856940 #30986]  INFO -- : Chunk 3 stored for session: da437a043e481b2e514a1f376418a32c
I, [2025-06-21T03:08:29.866603 #30991]  INFO -- : Chunk 3 stored for session: 739707888478a294031b03569dbfed93
I, [2025-06-21T03:08:29.867185 #30986]  INFO -- : Chunk 3 stored for session: 946765a4384c7160bd39ce698c6b05f4
I, [2025-06-21T03:08:29.876508 #30991]  INFO -- : Chunk 4 stored for session: 946765a4384c7160bd39ce698c6b05f4
I, [2025-06-21T03:08:29.894188 #30991]  INFO -- : Chunk 6 stored for session: 946765a4384c7160bd39ce698c6b05f4
I, [2025-06-21T03:08:29.896502 #30986]  INFO -- : Chunk 5 stored for session: 946765a4384c7160bd39ce698c6b05f4
I, [2025-06-21T03:08:29.905861 #30991]  INFO -- : Chunk 7 stored for session: 946765a4384c7160bd39ce698c6b05f4
I, [2025-06-21T03:08:29.906723 #30991]  INFO -- : Chunk 8 stored for session: 946765a4384c7160bd39ce698c6b05f4
I, [2025-06-21T03:08:29.918857 #30986]  INFO -- : Chunk 9 stored for session: 946765a4384c7160bd39ce698c6b05f4
I, [2025-06-21T03:08:29.923190 #30986]  INFO -- : Chunk 10 stored for session: 946765a4384c7160bd39ce698c6b05f4
I, [2025-06-21T03:08:29.923403 #30991]  INFO -- : Chunk 11 stored for session: 946765a4384c7160bd39ce698c6b05f4
E, [2025-06-21T03:08:29.926378 #30986] ERROR -- : Finalize error: Missing chunks: received 12 of 19
E, [2025-06-21T03:08:29.931546 #30986] ERROR -- : Finalize error: Missing chunks: received 3 of 4
I, [2025-06-21T03:08:29.943591 #30991]  INFO -- : Streaming upload finalized: Iy1gDw5R
I, [2025-06-21T03:08:33.526197 #30986]  INFO -- : Chunk 12 stored for session: 946765a4384c7160bd39ce698c6b05f4
I, [2025-06-21T03:08:33.533043 #30991]  INFO -- : Chunk 13 stored for session: 946765a4384c7160bd39ce698c6b05f4
I, [2025-06-21T03:08:33.545556 #30986]  INFO -- : Chunk 14 stored for session: 946765a4384c7160bd39ce698c6b05f4
I, [2025-06-21T03:08:33.546465 #30991]  INFO -- : Chunk 15 stored for session: 946765a4384c7160bd39ce698c6b05f4
I, [2025-06-21T03:08:33.559860 #30986]  INFO -- : Chunk 17 stored for session: 946765a4384c7160bd39ce698c6b05f4
I, [2025-06-21T03:08:33.560016 #30991]  INFO -- : Chunk 16 stored for session: 946765a4384c7160bd39ce698c6b05f4
I, [2025-06-21T03:08:33.740464 #30986]  INFO -- : Chunk 18 stored for session: 946765a4384c7160bd39ce698c6b05f4
I, [2025-06-21T03:08:33.742169 #30991]  INFO -- : Chunk 19 stored for session: 946765a4384c7160bd39ce698c6b05f4
I, [2025-06-21T03:08:33.757253 #30986]  INFO -- : Chunk 20 stored for session: 946765a4384c7160bd39ce698c6b05f4
I, [2025-06-21T03:08:33.765553 #30991]  INFO -- : Chunk 21 stored for session: 946765a4384c7160bd39ce698c6b05f4
I, [2025-06-21T03:08:33.769701 #30986]  INFO -- : Chunk 22 stored for session: 946765a4384c7160bd39ce698c6b05f4
I, [2025-06-21T03:08:33.783702 #30991]  INFO -- : Chunk 23 stored for session: 946765a4384c7160bd39ce698c6b05f4
I, [2025-06-21T03:08:33.788271 #30986]  INFO -- : Chunk 24 stored for session: 946765a4384c7160bd39ce698c6b05f4
I, [2025-06-21T03:08:33.800114 #30991]  INFO -- : Chunk 25 stored for session: 946765a4384c7160bd39ce698c6b05f4
I, [2025-06-21T03:08:33.808802 #30986]  INFO -- : Chunk 26 stored for session: 946765a4384c7160bd39ce698c6b05f4
I, [2025-06-21T03:08:33.821338 #30991]  INFO -- : Chunk 28 stored for session: 946765a4384c7160bd39ce698c6b05f4
I, [2025-06-21T03:08:33.823492 #30991]  INFO -- : Chunk 27 stored for session: 946765a4384c7160bd39ce698c6b05f4
I, [2025-06-21T03:08:33.830832 #30986]  INFO -- : Chunk 3 stored for session: 017f4fff5bac1282bf04d83ea6ac6792
I, [2025-06-21T03:08:33.845961 #30991]  INFO -- : Chunk 4 stored for session: 017f4fff5bac1282bf04d83ea6ac6792
I, [2025-06-21T03:08:33.855144 #30986]  INFO -- : Chunk 5 stored for session: 017f4fff5bac1282bf04d83ea6ac6792
I, [2025-06-21T03:08:33.867873 #30986]  INFO -- : Chunk 6 stored for session: 017f4fff5bac1282bf04d83ea6ac6792
I, [2025-06-21T03:08:33.867839 #30991]  INFO -- : Chunk 7 stored for session: 017f4fff5bac1282bf04d83ea6ac6792
I, [2025-06-21T03:08:33.882899 #30986]  INFO -- : Chunk 8 stored for session: 017f4fff5bac1282bf04d83ea6ac6792
I, [2025-06-21T03:08:33.889052 #30991]  INFO -- : Chunk 9 stored for session: 017f4fff5bac1282bf04d83ea6ac6792
I, [2025-06-21T03:08:33.905641 #30986]  INFO -- : Chunk 10 stored for session: 017f4fff5bac1282bf04d83ea6ac6792
I, [2025-06-21T03:08:33.906607 #30986]  INFO -- : Chunk 11 stored for session: 017f4fff5bac1282bf04d83ea6ac6792
I, [2025-06-21T03:08:33.917448 #30991]  INFO -- : Chunk 12 stored for session: 017f4fff5bac1282bf04d83ea6ac6792
I, [2025-06-21T03:08:33.935086 #30991]  INFO -- : Chunk 13 stored for session: 017f4fff5bac1282bf04d83ea6ac6792
E, [2025-06-21T03:08:33.935111 #30986] ERROR -- : Chunk upload error: unexpected end of input at line 1 column 1
I, [2025-06-21T03:08:33.936619 #30991]  INFO -- : Chunk 14 stored for session: 017f4fff5bac1282bf04d83ea6ac6792
I, [2025-06-21T03:08:33.954239 #30986]  INFO -- : Chunk 16 stored for session: 017f4fff5bac1282bf04d83ea6ac6792
I, [2025-06-21T03:08:33.961206 #30991]  INFO -- : Chunk 17 stored for session: 017f4fff5bac1282bf04d83ea6ac6792
I, [2025-06-21T03:08:33.974763 #30986]  INFO -- : Chunk 19 stored for session: 017f4fff5bac1282bf04d83ea6ac6792
I, [2025-06-21T03:08:33.974922 #30991]  INFO -- : Chunk 18 stored for session: 017f4fff5bac1282bf04d83ea6ac6792
I, [2025-06-21T03:08:33.989277 #30991]  INFO -- : Chunk 20 stored for session: 017f4fff5bac1282bf04d83ea6ac6792
I, [2025-06-21T03:08:34.002708 #30986]  INFO -- : Chunk 21 stored for session: 017f4fff5bac1282bf04d83ea6ac6792
I, [2025-06-21T03:08:34.008350 #30991]  INFO -- : Chunk 22 stored for session: 017f4fff5bac1282bf04d83ea6ac6792
I, [2025-06-21T03:08:34.008917 #30991]  INFO -- : Chunk 23 stored for session: 017f4fff5bac1282bf04d83ea6ac6792
I, [2025-06-21T03:08:34.019828 #30991]  INFO -- : Chunk 24 stored for session: 017f4fff5bac1282bf04d83ea6ac6792
I, [2025-06-21T03:08:34.027476 #30986]  INFO -- : Chunk 25 stored for session: 017f4fff5bac1282bf04d83ea6ac6792
I, [2025-06-21T03:08:34.027821 #30991]  INFO -- : Chunk 26 stored for session: 017f4fff5bac1282bf04d83ea6ac6792
I, [2025-06-21T03:08:34.037679 #30991]  INFO -- : Chunk 27 stored for session: 017f4fff5bac1282bf04d83ea6ac6792
I, [2025-06-21T03:08:34.046179 #30991]  INFO -- : Chunk 28 stored for session: 017f4fff5bac1282bf04d83ea6ac6792
I, [2025-06-21T03:08:34.046321 #30986]  INFO -- : Chunk 29 stored for session: 017f4fff5bac1282bf04d83ea6ac6792
I, [2025-06-21T03:08:34.061611 #30991]  INFO -- : Chunk 30 stored for session: 017f4fff5bac1282bf04d83ea6ac6792
I, [2025-06-21T03:08:34.063864 #30991]  INFO -- : Chunk 31 stored for session: 017f4fff5bac1282bf04d83ea6ac6792
I, [2025-06-21T03:08:34.064787 #30986]  INFO -- : Chunk 32 stored for session: 017f4fff5bac1282bf04d83ea6ac6792
I, [2025-06-21T03:08:34.075091 #30991]  INFO -- : Chunk 33 stored for session: 017f4fff5bac1282bf04d83ea6ac6792
I, [2025-06-21T03:08:34.077600 #30986]  INFO -- : Chunk 34 stored for session: 017f4fff5bac1282bf04d83ea6ac6792
I, [2025-06-21T03:08:34.091048 #30991]  INFO -- : Chunk 36 stored for session: 017f4fff5bac1282bf04d83ea6ac6792
